
 RUN  v3.2.4 /home/melolo/serenity-blocks

stdout | tests/unit/test-bioluminescence-phase1.js > Bioluminescence Phase 1: Lifecycle Hardening > debug three mocks
DEBUG TEST: CanvasTexture instance: {
  repeat: {
    set: [Function: spy] {
      getMockName: [36m[Function (anonymous)][39m,
      mockName: [36m[Function (anonymous)][39m,
      mockClear: [36m[Function (anonymous)][39m,
      mockReset: [36m[Function (anonymous)][39m,
      mockRestore: [36m[Function (anonymous)][39m,
      getMockImplementation: [36m[Function (anonymous)][39m,
      mockImplementation: [36m[Function (anonymous)][39m,
      mockImplementationOnce: [36m[Function (anonymous)][39m,
      withImplementation: [36m[Function: withImplementation][39m,
      mockReturnThis: [36m[Function (anonymous)][39m,
      mockReturnValue: [36m[Function (anonymous)][39m,
      mockReturnValueOnce: [36m[Function (anonymous)][39m,
      mockResolvedValue: [36m[Function (anonymous)][39m,
      mockResolvedValueOnce: [36m[Function (anonymous)][39m,
      mockRejectedValue: [36m[Function (anonymous)][39m,
      mockRejectedValueOnce: [36m[Function (anonymous)][39m,
      [[32mSymbol(nodejs.dispose)[39m]: [36m[Function (anonymous)][39m
    }
  },
  wrapS: [33m1000[39m,
  wrapT: [33m1000[39m,
  dispose: [Function: spy] {
    getMockName: [36m[Function (anonymous)][39m,
    mockName: [36m[Function (anonymous)][39m,
    mockClear: [36m[Function (anonymous)][39m,
    mockReset: [36m[Function (anonymous)][39m,
    mockRestore: [36m[Function (anonymous)][39m,
    getMockImplementation: [36m[Function (anonymous)][39m,
    mockImplementation: [36m[Function (anonymous)][39m,
    mockImplementationOnce: [36m[Function (anonymous)][39m,
    withImplementation: [36m[Function: withImplementation][39m,
    mockReturnThis: [36m[Function (anonymous)][39m,
    mockReturnValue: [36m[Function (anonymous)][39m,
    mockReturnValueOnce: [36m[Function (anonymous)][39m,
    mockResolvedValue: [36m[Function (anonymous)][39m,
    mockResolvedValueOnce: [36m[Function (anonymous)][39m,
    mockRejectedValue: [36m[Function (anonymous)][39m,
    mockRejectedValueOnce: [36m[Function (anonymous)][39m,
    [[32mSymbol(nodejs.dispose)[39m]: [36m[Function (anonymous)][39m
  }
}
DEBUG TEST: tex.repeat: {
  set: [Function: spy] {
    getMockName: [36m[Function (anonymous)][39m,
    mockName: [36m[Function (anonymous)][39m,
    mockClear: [36m[Function (anonymous)][39m,
    mockReset: [36m[Function (anonymous)][39m,
    mockRestore: [36m[Function (anonymous)][39m,
    getMockImplementation: [36m[Function (anonymous)][39m,
    mockImplementation: [36m[Function (anonymous)][39m,
    mockImplementationOnce: [36m[Function (anonymous)][39m,
    withImplementation: [36m[Function: withImplementation][39m,
    mockReturnThis: [36m[Function (anonymous)][39m,
    mockReturnValue: [36m[Function (anonymous)][39m,
    mockReturnValueOnce: [36m[Function (anonymous)][39m,
    mockResolvedValue: [36m[Function (anonymous)][39m,
    mockResolvedValueOnce: [36m[Function (anonymous)][39m,
    mockRejectedValue: [36m[Function (anonymous)][39m,
    mockRejectedValueOnce: [36m[Function (anonymous)][39m,
    [[32mSymbol(nodejs.dispose)[39m]: [36m[Function (anonymous)][39m
  }
}
DEBUG TEST: Vector3 instance: {
  set: [Function: spy] {
    getMockName: [36m[Function (anonymous)][39m,
    mockName: [36m[Function (anonymous)][39m,
    mockClear: [36m[Function (anonymous)][39m,
    mockReset: [36m[Function (anonymous)][39m,
    mockRestore: [36m[Function (anonymous)][39m,
    getMockImplementation: [36m[Function (anonymous)][39m,
    mockImplementation: [36m[Function (anonymous)][39m,
    mockImplementationOnce: [36m[Function (anonymous)][39m,
    withImplementation: [36m[Function: withImplementation][39m,
    mockReturnThis: [36m[Function (anonymous)][39m,
    mockReturnValue: [36m[Function (anonymous)][39m,
    mockReturnValueOnce: [36m[Function (anonymous)][39m,
    mockResolvedValue: [36m[Function (anonymous)][39m,
    mockResolvedValueOnce: [36m[Function (anonymous)][39m,
    mockRejectedValue: [36m[Function (anonymous)][39m,
    mockRejectedValueOnce: [36m[Function (anonymous)][39m,
    [[32mSymbol(nodejs.dispose)[39m]: [36m[Function (anonymous)][39m
  },
  x: [33m0[39m,
  y: [33m0[39m,
  z: [33m0[39m
}

stdout | tests/unit/test-bioluminescence-phase1.js > Bioluminescence Phase 1: Lifecycle Hardening > should initialize WebGPU renderer by default
[Bioluminescence] Initialized with Quality: undefined
🍄 Bioluminescence: Applying High preset

stderr | tests/unit/test-bioluminescence-phase1.js > Bioluminescence Phase 1: Lifecycle Hardening > should initialize WebGPU renderer by default
DEBUG: createVolumetricLightCones FAILED: TypeError: this.getRandom is not a function
    at BioluminescenceTheme.createVolumetricLightCones [90m(/home/melolo/serenity-blocks/[39msrc/themes/bioluminescence/bioluminescence-theme.js:1247:41[90m)[39m
    at BioluminescenceTheme.initRenderer [90m(/home/melolo/serenity-blocks/[39msrc/themes/bioluminescence/bioluminescence-theme.js:1142:14[90m)[39m
[90m    at processTicksAndRejections (node:internal/process/task_queues:105:5)[39m
    at BioluminescenceTheme.createSceneAsync [90m(/home/melolo/serenity-blocks/[39msrc/themes/bioluminescence/bioluminescence-theme.js:2106:9[90m)[39m
    at [90m/home/melolo/serenity-blocks/[39mtests/unit/test-bioluminescence-phase1.js:164:9
    at [90mfile:///home/melolo/serenity-blocks/[39mnode_modules/[4m@vitest/runner[24m/dist/chunk-hooks.js:752:20

stdout | tests/unit/test-bioluminescence-phase1.js > Bioluminescence Phase 1: Lifecycle Hardening > should initialize WebGPU renderer by default
[Bioluminescence] WebGPU renderer initialized

stdout | tests/unit/test-bioluminescence-phase1.js > Bioluminescence Phase 1: Lifecycle Hardening > should fallback to WebGL if WebGPU init fails
[Bioluminescence] Initialized with Quality: undefined
🍄 Bioluminescence: Applying High preset

stderr | tests/unit/test-bioluminescence-phase1.js > Bioluminescence Phase 1: Lifecycle Hardening > should fallback to WebGL if WebGPU init fails
[Bioluminescence] WebGPU init failed, falling back to WebGL: WebGPU not supported
DEBUG: createVolumetricLightCones FAILED: TypeError: this.getRandom is not a function
    at BioluminescenceTheme.createVolumetricLightCones [90m(/home/melolo/serenity-blocks/[39msrc/themes/bioluminescence/bioluminescence-theme.js:1247:41[90m)[39m
    at BioluminescenceTheme.initRenderer [90m(/home/melolo/serenity-blocks/[39msrc/themes/bioluminescence/bioluminescence-theme.js:1142:14[90m)[39m
[90m    at processTicksAndRejections (node:internal/process/task_queues:105:5)[39m
    at BioluminescenceTheme.createSceneAsync [90m(/home/melolo/serenity-blocks/[39msrc/themes/bioluminescence/bioluminescence-theme.js:2106:9[90m)[39m
    at [90m/home/melolo/serenity-blocks/[39mtests/unit/test-bioluminescence-phase1.js:178:9
    at [90mfile:///home/melolo/serenity-blocks/[39mnode_modules/[4m@vitest/runner[24m/dist/chunk-hooks.js:752:20

stdout | tests/unit/test-bioluminescence-phase1.js > Bioluminescence Phase 1: Lifecycle Hardening > should fallback to WebGL if WebGPU init fails
[Bioluminescence] WebGL2 renderer initialized (fallback)

stdout | tests/unit/test-bioluminescence-phase1.js > Bioluminescence Phase 1: Lifecycle Hardening > should force WebGL if flag is set
[Bioluminescence] Initialized with Quality: undefined
🍄 Bioluminescence: Applying High preset
[Bioluminescence] WebGL2 renderer initialized (fallback)

stderr | tests/unit/test-bioluminescence-phase1.js > Bioluminescence Phase 1: Lifecycle Hardening > should force WebGL if flag is set
DEBUG: createVolumetricLightCones FAILED: TypeError: this.getRandom is not a function
    at BioluminescenceTheme.createVolumetricLightCones [90m(/home/melolo/serenity-blocks/[39msrc/themes/bioluminescence/bioluminescence-theme.js:1247:41[90m)[39m
    at BioluminescenceTheme.initRenderer [90m(/home/melolo/serenity-blocks/[39msrc/themes/bioluminescence/bioluminescence-theme.js:1142:14[90m)[39m
    at BioluminescenceTheme.createSceneAsync [90m(/home/melolo/serenity-blocks/[39msrc/themes/bioluminescence/bioluminescence-theme.js:2106:20[90m)[39m
    at BioluminescenceTheme.createScene [90m(/home/melolo/serenity-blocks/[39msrc/themes/bioluminescence/bioluminescence-theme.js:2086:21[90m)[39m
    at [90m/home/melolo/serenity-blocks/[39mtests/unit/test-bioluminescence-phase1.js:191:21
    at [90mfile:///home/melolo/serenity-blocks/[39mnode_modules/[4m@vitest/runner[24m/dist/chunk-hooks.js:155:11
    at [90mfile:///home/melolo/serenity-blocks/[39mnode_modules/[4m@vitest/runner[24m/dist/chunk-hooks.js:752:26
    at [90mfile:///home/melolo/serenity-blocks/[39mnode_modules/[4m@vitest/runner[24m/dist/chunk-hooks.js:1897:20
    at new Promise (<anonymous>)
    at runWithTimeout [90m(file:///home/melolo/serenity-blocks/[39mnode_modules/[4m@vitest/runner[24m/dist/chunk-hooks.js:1863:10[90m)[39m

stdout | tests/unit/test-bioluminescence-phase1.js > Bioluminescence Phase 1: Lifecycle Hardening > should handle device loss by recovering to WebGL
[Bioluminescence] Initialized with Quality: undefined
🍄 Bioluminescence: Applying High preset
[Bioluminescence] WebGL2 renderer initialized (fallback)

stderr | tests/unit/test-bioluminescence-phase1.js > Bioluminescence Phase 1: Lifecycle Hardening > should handle device loss by recovering to WebGL
DEBUG: createVolumetricLightCones FAILED: TypeError: this.getRandom is not a function
    at BioluminescenceTheme.createVolumetricLightCones [90m(/home/melolo/serenity-blocks/[39msrc/themes/bioluminescence/bioluminescence-theme.js:1247:41[90m)[39m
    at BioluminescenceTheme.initRenderer [90m(/home/melolo/serenity-blocks/[39msrc/themes/bioluminescence/bioluminescence-theme.js:1142:14[90m)[39m
    at BioluminescenceTheme.createSceneAsync [90m(/home/melolo/serenity-blocks/[39msrc/themes/bioluminescence/bioluminescence-theme.js:2106:20[90m)[39m
    at BioluminescenceTheme.createScene [90m(/home/melolo/serenity-blocks/[39msrc/themes/bioluminescence/bioluminescence-theme.js:2086:21[90m)[39m
    at [90m/home/melolo/serenity-blocks/[39mtests/unit/test-bioluminescence-phase1.js:203:21
    at [90mfile:///home/melolo/serenity-blocks/[39mnode_modules/[4m@vitest/runner[24m/dist/chunk-hooks.js:155:11
    at [90mfile:///home/melolo/serenity-blocks/[39mnode_modules/[4m@vitest/runner[24m/dist/chunk-hooks.js:752:26
    at [90mfile:///home/melolo/serenity-blocks/[39mnode_modules/[4m@vitest/runner[24m/dist/chunk-hooks.js:1897:20
    at new Promise (<anonymous>)
    at runWithTimeout [90m(file:///home/melolo/serenity-blocks/[39mnode_modules/[4m@vitest/runner[24m/dist/chunk-hooks.js:1863:10[90m)[39m

stdout | tests/unit/test-bioluminescence-phase1.js > Bioluminescence Phase 1: Lifecycle Hardening > should clean up resources on dispose
[Bioluminescence] Initialized with Quality: undefined
🍄 Bioluminescence: Applying High preset
[Bioluminescence] WebGL2 renderer initialized (fallback)

stderr | tests/unit/test-bioluminescence-phase1.js > Bioluminescence Phase 1: Lifecycle Hardening > should clean up resources on dispose
DEBUG: createVolumetricLightCones FAILED: TypeError: this.getRandom is not a function
    at BioluminescenceTheme.createVolumetricLightCones [90m(/home/melolo/serenity-blocks/[39msrc/themes/bioluminescence/bioluminescence-theme.js:1247:41[90m)[39m
    at BioluminescenceTheme.initRenderer [90m(/home/melolo/serenity-blocks/[39msrc/themes/bioluminescence/bioluminescence-theme.js:1142:14[90m)[39m
    at BioluminescenceTheme.createSceneAsync [90m(/home/melolo/serenity-blocks/[39msrc/themes/bioluminescence/bioluminescence-theme.js:2106:20[90m)[39m
    at BioluminescenceTheme.createScene [90m(/home/melolo/serenity-blocks/[39msrc/themes/bioluminescence/bioluminescence-theme.js:2086:21[90m)[39m
    at [90m/home/melolo/serenity-blocks/[39mtests/unit/test-bioluminescence-phase1.js:221:21
    at [90mfile:///home/melolo/serenity-blocks/[39mnode_modules/[4m@vitest/runner[24m/dist/chunk-hooks.js:155:11
    at [90mfile:///home/melolo/serenity-blocks/[39mnode_modules/[4m@vitest/runner[24m/dist/chunk-hooks.js:752:26
    at [90mfile:///home/melolo/serenity-blocks/[39mnode_modules/[4m@vitest/runner[24m/dist/chunk-hooks.js:1897:20
    at new Promise (<anonymous>)
    at runWithTimeout [90m(file:///home/melolo/serenity-blocks/[39mnode_modules/[4m@vitest/runner[24m/dist/chunk-hooks.js:1863:10[90m)[39m

 ❯ tests/unit/test-bioluminescence-phase1.js (6 tests | 5 failed) 539ms
   ✓ Bioluminescence Phase 1: Lifecycle Hardening > debug three mocks 8ms
   × Bioluminescence Phase 1: Lifecycle Hardening > should initialize WebGPU renderer by default 134ms
     → this.getRandom is not a function
   × Bioluminescence Phase 1: Lifecycle Hardening > should fallback to WebGL if WebGPU init fails 171ms
     → this.getRandom is not a function
   × Bioluminescence Phase 1: Lifecycle Hardening > should force WebGL if flag is set 91ms
     → this.getRandom is not a function
   × Bioluminescence Phase 1: Lifecycle Hardening > should handle device loss by recovering to WebGL 102ms
     → this.getRandom is not a function
   × Bioluminescence Phase 1: Lifecycle Hardening > should clean up resources on dispose 31ms
     → this.getRandom is not a function

⎯⎯⎯⎯⎯⎯⎯ Failed Tests 5 ⎯⎯⎯⎯⎯⎯⎯

 FAIL  tests/unit/test-bioluminescence-phase1.js > Bioluminescence Phase 1: Lifecycle Hardening > should initialize WebGPU renderer by default
TypeError: this.getRandom is not a function
 ❯ BioluminescenceTheme.createVolumetricLightCones src/themes/bioluminescence/bioluminescence-theme.js:1247:41
    1245|             for (let i = 0; i < coneCount; i++) {
    1246|                 const angle = (i / coneCount) * Math.PI * 2;
    1247|                 const dist = 200 + this.getRandom() * 150;
       |                                         ^
    1248|                 const x = Math.sin(angle) * dist;
    1249|                 const z = Math.cos(angle) * dist - 100;
 ❯ BioluminescenceTheme.initRenderer src/themes/bioluminescence/bioluminescence-theme.js:1142:14
 ❯ BioluminescenceTheme.createSceneAsync src/themes/bioluminescence/bioluminescence-theme.js:2106:9
 ❯ tests/unit/test-bioluminescence-phase1.js:164:9

⎯⎯⎯⎯⎯⎯⎯⎯⎯⎯⎯⎯⎯⎯⎯⎯⎯⎯⎯⎯⎯⎯⎯⎯[1/5]⎯

 FAIL  tests/unit/test-bioluminescence-phase1.js > Bioluminescence Phase 1: Lifecycle Hardening > should fallback to WebGL if WebGPU init fails
TypeError: this.getRandom is not a function
 ❯ BioluminescenceTheme.createVolumetricLightCones src/themes/bioluminescence/bioluminescence-theme.js:1247:41
    1245|             for (let i = 0; i < coneCount; i++) {
    1246|                 const angle = (i / coneCount) * Math.PI * 2;
    1247|                 const dist = 200 + this.getRandom() * 150;
       |                                         ^
    1248|                 const x = Math.sin(angle) * dist;
    1249|                 const z = Math.cos(angle) * dist - 100;
 ❯ BioluminescenceTheme.initRenderer src/themes/bioluminescence/bioluminescence-theme.js:1142:14
 ❯ BioluminescenceTheme.createSceneAsync src/themes/bioluminescence/bioluminescence-theme.js:2106:9
 ❯ tests/unit/test-bioluminescence-phase1.js:178:9

⎯⎯⎯⎯⎯⎯⎯⎯⎯⎯⎯⎯⎯⎯⎯⎯⎯⎯⎯⎯⎯⎯⎯⎯[2/5]⎯

 FAIL  tests/unit/test-bioluminescence-phase1.js > Bioluminescence Phase 1: Lifecycle Hardening > should force WebGL if flag is set
TypeError: this.getRandom is not a function
 ❯ BioluminescenceTheme.createVolumetricLightCones src/themes/bioluminescence/bioluminescence-theme.js:1247:41
    1245|             for (let i = 0; i < coneCount; i++) {
    1246|                 const angle = (i / coneCount) * Math.PI * 2;
    1247|                 const dist = 200 + this.getRandom() * 150;
       |                                         ^
    1248|                 const x = Math.sin(angle) * dist;
    1249|                 const z = Math.cos(angle) * dist - 100;
 ❯ BioluminescenceTheme.initRenderer src/themes/bioluminescence/bioluminescence-theme.js:1142:14
 ❯ BioluminescenceTheme.createSceneAsync src/themes/bioluminescence/bioluminescence-theme.js:2106:20
 ❯ BioluminescenceTheme.createScene src/themes/bioluminescence/bioluminescence-theme.js:2086:21
 ❯ tests/unit/test-bioluminescence-phase1.js:191:21

⎯⎯⎯⎯⎯⎯⎯⎯⎯⎯⎯⎯⎯⎯⎯⎯⎯⎯⎯⎯⎯⎯⎯⎯[3/5]⎯

 FAIL  tests/unit/test-bioluminescence-phase1.js > Bioluminescence Phase 1: Lifecycle Hardening > should handle device loss by recovering to WebGL
TypeError: this.getRandom is not a function
 ❯ BioluminescenceTheme.createVolumetricLightCones src/themes/bioluminescence/bioluminescence-theme.js:1247:41
    1245|             for (let i = 0; i < coneCount; i++) {
    1246|                 const angle = (i / coneCount) * Math.PI * 2;
    1247|                 const dist = 200 + this.getRandom() * 150;
       |                                         ^
    1248|                 const x = Math.sin(angle) * dist;
    1249|                 const z = Math.cos(angle) * dist - 100;
 ❯ BioluminescenceTheme.initRenderer src/themes/bioluminescence/bioluminescence-theme.js:1142:14
 ❯ BioluminescenceTheme.createSceneAsync src/themes/bioluminescence/bioluminescence-theme.js:2106:20
 ❯ BioluminescenceTheme.createScene src/themes/bioluminescence/bioluminescence-theme.js:2086:21
 ❯ tests/unit/test-bioluminescence-phase1.js:203:21

⎯⎯⎯⎯⎯⎯⎯⎯⎯⎯⎯⎯⎯⎯⎯⎯⎯⎯⎯⎯⎯⎯⎯⎯[4/5]⎯

 FAIL  tests/unit/test-bioluminescence-phase1.js > Bioluminescence Phase 1: Lifecycle Hardening > should clean up resources on dispose
TypeError: this.getRandom is not a function
 ❯ BioluminescenceTheme.createVolumetricLightCones src/themes/bioluminescence/bioluminescence-theme.js:1247:41
    1245|             for (let i = 0; i < coneCount; i++) {
    1246|                 const angle = (i / coneCount) * Math.PI * 2;
    1247|                 const dist = 200 + this.getRandom() * 150;
       |                                         ^
    1248|                 const x = Math.sin(angle) * dist;
    1249|                 const z = Math.cos(angle) * dist - 100;
 ❯ BioluminescenceTheme.initRenderer src/themes/bioluminescence/bioluminescence-theme.js:1142:14
 ❯ BioluminescenceTheme.createSceneAsync src/themes/bioluminescence/bioluminescence-theme.js:2106:20
 ❯ BioluminescenceTheme.createScene src/themes/bioluminescence/bioluminescence-theme.js:2086:21
 ❯ tests/unit/test-bioluminescence-phase1.js:221:21

⎯⎯⎯⎯⎯⎯⎯⎯⎯⎯⎯⎯⎯⎯⎯⎯⎯⎯⎯⎯⎯⎯⎯⎯[5/5]⎯


 Test Files  1 failed (1)
      Tests  5 failed | 1 passed (6)
   Start at  13:35:49
   Duration  1.37s (transform 149ms, setup 0ms, collect 262ms, tests 539ms, environment 0ms, prepare 110ms)

